// Jest Snapshot v1, https://goo.gl/fbAQLP

exports[`should correctly render expenses summary with 1 expense 1`] = `
<div>
  <Link
    replace={false}
    to="/edit/undefined"
  >
    <h3 />
  </Link>
  <p>
    $0.00
    -
    December 31st, 1969
  </p>
</div>
`;

exports[`should correctly render expenses summary with multiple expense 1`] = `
<div>
  <Link
    replace={false}
    to="/edit/undefined"
  >
    <h3 />
  </Link>
  <p>
    $0.00
    -
    December 31st, 1969
  </p>
</div>
`;
